[GIN-debug] [WARNING] Creating an Engine instance with the Logger and Recovery middleware already attached.

[GIN-debug] [WARNING] Running in "debug" mode. Switch to "release" mode in production.
 - using env:	export GIN_MODE=release
 - using code:	gin.SetMode(gin.ReleaseMode)

[GIN-debug] GET    /swagger/*any             --> github.com/swaggo/gin-swagger.CustomWrapHandler.func1 (3 handlers)
[GIN-debug] GET    /healthz                  --> main.healthz (3 handlers)
[GIN-debug] POST   /api/v1/events            --> main.(*Store).ingestEvent-fm (3 handlers)
[GIN-debug] GET    /api/v1/events            --> main.(*Store).listEvents-fm (3 handlers)
[GIN-debug] GET    /api/v1/notifications     --> main.(*Store).listNotifications-fm (3 handlers)
[GIN-debug] POST   /api/v1/notifications     --> main.(*Store).createNotification-fm (3 handlers)
[GIN-debug] POST   /api/v1/reports           --> main.(*Store).createReport-fm (3 handlers)
[GIN-debug] GET    /api/v1/reports           --> main.(*Store).listReports-fm (3 handlers)
[GIN-debug] GET    /api/v1/ws/restaurants/:restaurant_id --> main.websocketInfo (3 handlers)
[GIN-debug] [WARNING] You trusted all proxies, this is NOT safe. We recommend you to set a value.
Please check https://pkg.go.dev/github.com/gin-gonic/gin#readme-don-t-trust-all-proxies for details.
[GIN-debug] Listening and serving HTTP on :8002
[GIN] 2026/06/16 - 06:17:58 | 200 |            0s |       127.0.0.1 | GET      "/healthz"
[GIN] 2026/06/16 - 06:18:29 | 200 |            0s |       127.0.0.1 | GET      "/healthz"
[GIN] 2026/06/16 - 06:19:21 | 200 |            0s |       127.0.0.1 | GET      "/healthz"
[GIN] 2026/06/16 - 06:19:21 | 404 |            0s |       127.0.0.1 | GET      "/favicon.ico"
